components/ui/collapsible.tsx(24,45): error TS2551: Property 'light' does not exist on type '{ background: string; surface: string; surfaceElevated: string; card: string; cardHover: string; border: string; gold: string; goldLight: string; white: string; textPrimary: string; textSecondary: string; ... 5 more ...; overlay: string; }'. Did you mean 'noLight'?
components/ui/collapsible.tsx(24,65): error TS2339: Property 'dark' does not exist on type '{ background: string; surface: string; surfaceElevated: string; card: string; cardHover: string; border: string; gold: string; goldLight: string; white: string; textPrimary: string; textSecondary: string; ... 5 more ...; overlay: string; }'.
hooks/use-theme-color.ts(11,34): error TS2551: Property 'light' does not exist on type '{ background: string; surface: string; surfaceElevated: string; card: string; cardHover: string; border: string; gold: string; goldLight: string; white: string; textPrimary: string; textSecondary: string; ... 5 more ...; overlay: string; }'. Did you mean 'noLight'?
hooks/use-theme-color.ts(11,62): error TS2339: Property 'dark' does not exist on type '{ background: string; surface: string; surfaceElevated: string; card: string; cardHover: string; border: string; gold: string; goldLight: string; white: string; textPrimary: string; textSecondary: string; ... 5 more ...; overlay: string; }'.
hooks/use-theme-color.ts(19,19): error TS2551: Property 'light' does not exist on type '{ background: string; surface: string; surfaceElevated: string; card: string; cardHover: string; border: string; gold: string; goldLight: string; white: string; textPrimary: string; textSecondary: string; ... 5 more ...; overlay: string; }'. Did you mean 'noLight'?
